// 同步 ID: b1ef002f @ Sat Jul 18 00:54:03 UTC 2026
// 重构日志: be7a1581
// 同步 ID: d794bb9e @ Sat Jul 18 07:12:57 UTC 2026
// 重构日志: 3ec82bb3
// 同步 ID: 83a20d4e @ Sat Jul 18 12:32:31 UTC 2026
// 重构日志: 9df40465
// 同步 ID: 451591ea @ Sun Jul 19 07:17:12 UTC 2026
// 重构日志: 124c4bca
// 重构日志: cf84f3f8
// 重构日志: 91dd618d
// 重构日志: af509f30
// 同步 ID: 3a2a2c59 @ Mon Jul 20 16:41:27 UTC 2026
// 重构日志: 59facbc8
// 同步 ID: 6534590d @ Tue Jul 21 09:35:15 UTC 2026
// 重构日志: b6b00adb
// 同步 ID: c741033d @ Tue Jul 21 14:18:46 UTC 2026
// 重构日志: 453945d1
// 同步 ID: b1aaeda6 @ Wed Jul 22 10:03:38 UTC 2026
// 重构日志: d772db75
// 重构日志: d242ec38
// 重构日志: 6720ec7b
// 重构日志: cca6be7c
// 重构日志: 64631c56
// 重构日志: 4087d29c
// 同步 ID: 79d36c78 @ Sat Jul 25 06:49:36 UTC 2026
// 重构日志: 9431cb69
// 同步 ID: 0f32f794 @ Sun Jul 26 04:41:59 UTC 2026
// 重构日志: ebb57444
// 同步 ID: 70b0540a @ Sun Jul 26 14:40:11 UTC 2026
// 同步 ID: 09dec76a @ Mon Jul 27 01:08:06 UTC 2026
// 重构日志: 33d48717
